[{"node_id":"6aaf5d4e075c99063923ec49f2c5f7e6d0b41c17396ff3846f9662b490b323c4","name":"6aaf5d4e075c99063923ec49f2c5f7e6d0b41c17396ff3846f9662b490b323c4@flow","role":"verification","docker_tag":"v0.27.6","docker_registry":"gcr.io/flow-container-registry/"},{"node_id":"7264408bd88bf0b5d3d0620ae935699b02316246dae52e4a496fbfe88684c774","name":"7264408bd88bf0b5d3d0620ae935699b02316246dae52e4a496fbfe88684c774@flow","role":"access","docker_tag":"v0.27.6","docker_registry":"gcr.io/flow-container-registry/"},{"node_id":"84cb7fd58a5a7269155ad4f271af87cb9d73a2f2b8bd18ffe1a8ccf6b1c5dbb3","name":"84cb7fd58a5a7269155ad4f271af87cb9d73a2f2b8bd18ffe1a8ccf6b1c5dbb3@flow","role":"verification","docker_tag":"v0.27.6","docker_registry":"gcr.io/flow-container-registry/"},{"node_id":"8ca6a4ed626d0f53cc30f9448e230106e297796ba49123d6b3d718ec56f655e7","name":"8ca6a4ed626d0f53cc30f9448e230106e297796ba49123d6b3d718ec56f655e7@flow","role":"access","docker_tag":"v0.27.6","docker_registry":"gcr.io/flow-container-registry/"},{"node_id":"a9ad3b20d7e0137259975acf11a0bcbe262c23e4073f61436ad48b80d858a4f2","name":"a9ad3b20d7e0137259975acf11a0bcbe262c23e4073f61436ad48b80d858a4f2@flow","role":"execution","docker_tag":"v0.27.6","docker_registry":"gcr.io/flow-container-registry/"},{"node_id":"ac0a67b1c242d02beeb281cb3b0988efc57d0657e2d20e685d5342ff3d4ec3c7","name":"ac0a67b1c242d02beeb281cb3b0988efc57d0657e2d20e685d5342ff3d4ec3c7@flow","role":"collection","docker_tag":"v0.27.6","docker_registry":"gcr.io/flow-container-registry/"},{"node_id":"ca7a3c6b393b0376e2bda1396d9978b8fa0ed936a505a19bd3bdae9e8cae6424","name":"ca7a3c6b393b0376e2bda1396d9978b8fa0ed936a505a19bd3bdae9e8cae6424@flow","role":"consensus","docker_tag":"v0.27.6","docker_registry":"gcr.io/flow-container-registry/"},{"node_id":"ca83c3a647f61e1c9e9d51c6df295d0b548d0e2af18cd01180553501f4b49a09","name":"ca83c3a647f61e1c9e9d51c6df295d0b548d0e2af18cd01180553501f4b49a09@flow","role":"consensus","docker_tag":"v0.27.6","docker_registry":"gcr.io/flow-container-registry/"},{"node_id":"d5daf63060266a7e46ced2e698c4a175b3abf5c57d1e7781f666d5c5a992692f","name":"d5daf63060266a7e46ced2e698c4a175b3abf5c57d1e7781f666d5c5a992692f@flow","role":"collection","docker_tag":"v0.27.6","docker_registry":"gcr.io/flow-container-registry/"},{"node_id":"ecc8560ead44c6dd04db80ad70ee36fe99a464cf3d458bdd259dc0aaccc73843","name":"ecc8560ead44c6dd04db80ad70ee36fe99a464cf3d458bdd259dc0aaccc73843@flow","role":"execution","docker_tag":"v0.27.6","docker_registry":"gcr.io/flow-container-registry/"}]