{
  "commit_sha": "46baf6c6be29af9c040bc14195e195848598bbae",
  "commit_date": "2021-09-22T01:06:25Z",
  "job_run_date": "2021-09-22T04:06:25Z",
  "results": [
    {
      "package": "github.com/onflow/flow-go/crypto/hash",
      "result": "pass",
      "elapsed": 0.446,
      "output": [
        "PASS\n",
        "ok  \tgithub.com/onflow/flow-go/crypto/hash\t0.446s\n"
      ],
      "tests": [
        {
          "test": "TestSanitySha3_256",
          "package": "github.com/onflow/flow-go/crypto/hash",
          "output": [
            "=== RUN   TestSanitySha3_256\n",
            "--- PASS: TestSanitySha3_256 (0.00s)\n"
          ],
          "result": "pass",
          "elapsed": 0
        },
        {
          "test": "TestSanitySha2_256",
          "package": "github.com/onflow/flow-go/crypto/hash",
          "output": [
            "=== RUN   TestSanitySha2_256\n",
            "    hash_test.go:36: skip for testing\n",
            "--- SKIP: TestSanitySha2_256 (0.00s)\n"
          ],
          "result": "skip",
          "elapsed": 0
        },
        {
          "test": "TestSanitySha3_384",
          "package": "github.com/onflow/flow-go/crypto/hash",
          "output": [
            "=== RUN   TestSanitySha3_384\n",
            "--- PASS: TestSanitySha3_384 (0.00s)\n"
          ],
          "result": "pass",
          "elapsed": 0
        },
        {
          "test": "TestSanitySha2_384",
          "package": "github.com/onflow/flow-go/crypto/hash",
          "output": [
            "=== RUN   TestSanitySha2_384\n",
            "--- PASS: TestSanitySha2_384 (0.00s)\n"
          ],
          "result": "pass",
          "elapsed": 0
        },
        {
          "test": "TestSanityKmac128",
          "package": "github.com/onflow/flow-go/crypto/hash",
          "output": [
            "=== RUN   TestSanityKmac128\n",
            "--- PASS: TestSanityKmac128 (0.00s)\n"
          ],
          "result": "pass",
          "elapsed": 0
        },
        {
          "test": "TestHashersAPI",
          "package": "github.com/onflow/flow-go/crypto/hash",
          "output": [
            "=== RUN   TestHashersAPI\n",
            "    hash_test.go:96: skip for testing\n",
            "--- SKIP: TestHashersAPI (0.00s)\n"
          ],
          "result": "skip",
          "elapsed": 0
        },
        {
          "test": "TestSha3",
          "package": "github.com/onflow/flow-go/crypto/hash",
          "output": [
            "=== RUN   TestSha3\n",
            "    hash_test.go:160: math rand seed is 1633518697589650000\n",
            "--- PASS: TestSha3 (0.24s)\n"
          ],
          "result": "pass",
          "elapsed": 0.24
        },
        {
          "test": "TestSha3/SHA3_256",
          "package": "github.com/onflow/flow-go/crypto/hash",
          "output": [
            "=== RUN   TestSha3/SHA3_256\n",
            "    --- PASS: TestSha3/SHA3_256 (0.11s)\n"
          ],
          "result": "pass",
          "elapsed": 0.11
        },
        {
          "test": "TestSha3/SHA3_384",
          "package": "github.com/onflow/flow-go/crypto/hash",
          "output": [
            "=== RUN   TestSha3/SHA3_384\n",
            "    --- PASS: TestSha3/SHA3_384 (0.13s)\n"
          ],
          "result": "pass",
          "elapsed": 0.13
        }
      ]
    }
  ]
}