{
  "commit_sha": "46baf6c6be29af9c040bc14195e195848598bbae",
  "commit_date": "2021-09-22T01:06:25Z",
  "job_run_date": "2021-09-22T04:06:25Z",
  "results": [
    {
      "package": "github.com/onflow/flow-go/model/encodable",
      "result":"pass",
      "elapsed": 0.201,
      "output": [
        "PASS\n",
        "ok  \tgithub.com/onflow/flow-go/model/encodable\t0.201s\n"
      ],
      "tests": [
        {
          "test": "TestEncodableNetworkPrivKey",
          "package": "github.com/onflow/flow-go/model/encodable",
          "output": [
            "=== RUN   TestEncodableNetworkPrivKey\n",
            "--- PASS: TestEncodableNetworkPrivKey (0.00s)\n"
          ],
          "result": "pass",
          "elapsed": 0
        },
        {
          "test": "TestEncodableNetworkPrivKey",
          "package": "github.com/onflow/flow-go/model/encodable",
          "output": [
            "=== RUN   TestEncodableNetworkPrivKey\n",
            "--- PASS: TestEncodableNetworkPrivKey (0.00s)\n"
          ],
          "result": "pass",
          "elapsed": 0
        },
        {
          "test": "TestEncodableNetworkPrivKey",
          "package": "github.com/onflow/flow-go/model/encodable",
          "output": [
            "=== RUN   TestEncodableNetworkPrivKey\n",
            "--- PASS: TestEncodableNetworkPrivKey (0.00s)\n"
          ],
          "result": "pass",
          "elapsed": 0
        },
        {
          "test": "TestEncodableNetworkPrivKeyNil",
          "package": "github.com/onflow/flow-go/model/encodable",
          "output": [
            "=== RUN   TestEncodableNetworkPrivKeyNil\n",
            "--- PASS: TestEncodableNetworkPrivKeyNil (0.00s)\n"
          ],
          "result": "pass",
          "elapsed": 0
        },
        {
          "test": "TestEncodableNetworkPrivKeyNil",
          "package": "github.com/onflow/flow-go/model/encodable",
          "output": [
            "=== RUN   TestEncodableNetworkPrivKeyNil\n",
            "--- PASS: TestEncodableNetworkPrivKeyNil (0.00s)\n"
          ],
          "result": "pass",
          "elapsed": 0
        },
        {
          "test": "TestEncodableNetworkPrivKeyNil",
          "package": "github.com/onflow/flow-go/model/encodable",
          "output": [
            "=== RUN   TestEncodableNetworkPrivKeyNil\n",
            "--- PASS: TestEncodableNetworkPrivKeyNil (0.00s)\n"
          ],
          "result": "pass",
          "elapsed": 0
        },
        {
          "test": "TestEncodableNetworkPubKey",
          "package": "github.com/onflow/flow-go/model/encodable",
          "output": [
            "=== RUN   TestEncodableNetworkPubKey\n",
            "--- PASS: TestEncodableNetworkPubKey (0.00s)\n"
          ],
          "result": "pass",
          "elapsed": 0
        },
        {
          "test": "TestEncodableNetworkPubKey",
          "package": "github.com/onflow/flow-go/model/encodable",
          "output": [
            "=== RUN   TestEncodableNetworkPubKey\n",
            "--- PASS: TestEncodableNetworkPubKey (0.00s)\n"
          ],
          "result": "pass",
          "elapsed": 0
        },
        {
          "test": "TestEncodableNetworkPubKey",
          "package": "github.com/onflow/flow-go/model/encodable",
          "output": [
            "=== RUN   TestEncodableNetworkPubKey\n",
            "--- PASS: TestEncodableNetworkPubKey (0.00s)\n"
          ],
          "result": "pass",
          "elapsed": 0
        },
        {
          "test": "TestEncodableNetworkPubKeyNil",
          "package": "github.com/onflow/flow-go/model/encodable",
          "output": [
            "=== RUN   TestEncodableNetworkPubKeyNil\n",
            "--- PASS: TestEncodableNetworkPubKeyNil (0.00s)\n"
          ],
          "result": "pass",
          "elapsed": 0
        },
        {
          "test": "TestEncodableNetworkPubKeyNil",
          "package": "github.com/onflow/flow-go/model/encodable",
          "output": [
            "=== RUN   TestEncodableNetworkPubKeyNil\n",
            "--- PASS: TestEncodableNetworkPubKeyNil (0.00s)\n"
          ],
          "result": "pass",
          "elapsed": 0
        },
        {
          "test": "TestEncodableNetworkPubKeyNil",
          "package": "github.com/onflow/flow-go/model/encodable",
          "output": [
            "=== RUN   TestEncodableNetworkPubKeyNil\n",
            "--- PASS: TestEncodableNetworkPubKeyNil (0.00s)\n"
          ],
          "result": "pass",
          "elapsed": 0
        },
        {
          "test": "TestEncodableRandomBeaconPrivKey",
          "package": "github.com/onflow/flow-go/model/encodable",
          "output": [
            "=== RUN   TestEncodableRandomBeaconPrivKey\n",
            "--- PASS: TestEncodableRandomBeaconPrivKey (0.00s)\n"
          ],
          "result": "pass",
          "elapsed": 0
        },
        {
          "test": "TestEncodableRandomBeaconPrivKey",
          "package": "github.com/onflow/flow-go/model/encodable",
          "output": [
            "=== RUN   TestEncodableRandomBeaconPrivKey\n",
            "--- PASS: TestEncodableRandomBeaconPrivKey (0.00s)\n"
          ],
          "result": "pass",
          "elapsed": 0
        },
        {
          "test": "TestEncodableRandomBeaconPrivKey",
          "package": "github.com/onflow/flow-go/model/encodable",
          "output": [
            "=== RUN   TestEncodableRandomBeaconPrivKey\n",
            "--- PASS: TestEncodableRandomBeaconPrivKey (0.00s)\n"
          ],
          "result": "pass",
          "elapsed": 0
        },
        {
          "test": "TestEncodableRandomBeaconPrivKeyNil",
          "package": "github.com/onflow/flow-go/model/encodable",
          "output": [
            "=== RUN   TestEncodableRandomBeaconPrivKeyNil\n",
            "--- PASS: TestEncodableRandomBeaconPrivKeyNil (0.00s)\n"
          ],
          "result": "pass",
          "elapsed": 0
        },
        {
          "test": "TestEncodableRandomBeaconPrivKeyNil",
          "package": "github.com/onflow/flow-go/model/encodable",
          "output": [
            "=== RUN   TestEncodableRandomBeaconPrivKeyNil\n",
            "--- PASS: TestEncodableRandomBeaconPrivKeyNil (0.00s)\n"
          ],
          "result": "pass",
          "elapsed": 0
        },
        {
          "test": "TestEncodableRandomBeaconPrivKeyNil",
          "package": "github.com/onflow/flow-go/model/encodable",
          "output": [
            "=== RUN   TestEncodableRandomBeaconPrivKeyNil\n",
            "--- PASS: TestEncodableRandomBeaconPrivKeyNil (0.00s)\n"
          ],
          "result": "pass",
          "elapsed": 0
        },
        {
          "test": "TestEncodableRandomBeaconPubKey",
          "package": "github.com/onflow/flow-go/model/encodable",
          "output": [
            "=== RUN   TestEncodableRandomBeaconPubKey\n",
            "--- PASS: TestEncodableRandomBeaconPubKey (0.00s)\n"
          ],
          "result": "pass",
          "elapsed": 0
        },
        {
          "test": "TestEncodableRandomBeaconPubKey",
          "package": "github.com/onflow/flow-go/model/encodable",
          "output": [
            "=== RUN   TestEncodableRandomBeaconPubKey\n",
            "--- PASS: TestEncodableRandomBeaconPubKey (0.00s)\n"
          ],
          "result": "pass",
          "elapsed": 0
        },
        {
          "test": "TestEncodableRandomBeaconPubKey",
          "package": "github.com/onflow/flow-go/model/encodable",
          "output": [
            "=== RUN   TestEncodableRandomBeaconPubKey\n",
            "--- PASS: TestEncodableRandomBeaconPubKey (0.00s)\n"
          ],
          "result": "pass",
          "elapsed": 0
        },
        {
          "test": "TestEncodableRandomBeaconPubKeyNil",
          "package": "github.com/onflow/flow-go/model/encodable",
          "output": [
            "=== RUN   TestEncodableRandomBeaconPubKeyNil\n",
            "--- PASS: TestEncodableRandomBeaconPubKeyNil (0.00s)\n"
          ],
          "result": "pass",
          "elapsed": 0
        },
        {
          "test": "TestEncodableRandomBeaconPubKeyNil",
          "package": "github.com/onflow/flow-go/model/encodable",
          "output": [
            "=== RUN   TestEncodableRandomBeaconPubKeyNil\n",
            "--- PASS: TestEncodableRandomBeaconPubKeyNil (0.00s)\n"
          ],
          "result": "pass",
          "elapsed": 0
        },
        {
          "test": "TestEncodableRandomBeaconPubKeyNil",
          "package": "github.com/onflow/flow-go/model/encodable",
          "output": [
            "=== RUN   TestEncodableRandomBeaconPubKeyNil\n",
            "--- PASS: TestEncodableRandomBeaconPubKeyNil (0.00s)\n"
          ],
          "result": "pass",
          "elapsed": 0
        },
        {
          "test": "TestEncodableStakingPrivKey",
          "package": "github.com/onflow/flow-go/model/encodable",
          "output": [
            "=== RUN   TestEncodableStakingPrivKey\n",
            "--- PASS: TestEncodableStakingPrivKey (0.00s)\n"
          ],
          "result": "pass",
          "elapsed": 0
        },
        {
          "test": "TestEncodableStakingPrivKey",
          "package": "github.com/onflow/flow-go/model/encodable",
          "output": [
            "=== RUN   TestEncodableStakingPrivKey\n",
            "--- PASS: TestEncodableStakingPrivKey (0.00s)\n"
          ],
          "result": "pass",
          "elapsed": 0
        },
        {
          "test": "TestEncodableStakingPrivKey",
          "package": "github.com/onflow/flow-go/model/encodable",
          "output": [
            "=== RUN   TestEncodableStakingPrivKey\n",
            "--- PASS: TestEncodableStakingPrivKey (0.00s)\n"
          ],
          "result": "pass",
          "elapsed": 0
        },
        {
          "test": "TestEncodableStakingPrivKeyNil",
          "package": "github.com/onflow/flow-go/model/encodable",
          "output": [
            "=== RUN   TestEncodableStakingPrivKeyNil\n",
            "--- PASS: TestEncodableStakingPrivKeyNil (0.00s)\n"
          ],
          "result": "pass",
          "elapsed": 0
        },
        {
          "test": "TestEncodableStakingPrivKeyNil",
          "package": "github.com/onflow/flow-go/model/encodable",
          "output": [
            "=== RUN   TestEncodableStakingPrivKeyNil\n",
            "--- PASS: TestEncodableStakingPrivKeyNil (0.00s)\n"
          ],
          "result": "pass",
          "elapsed": 0
        },
        {
          "test": "TestEncodableStakingPrivKeyNil",
          "package": "github.com/onflow/flow-go/model/encodable",
          "output": [
            "=== RUN   TestEncodableStakingPrivKeyNil\n",
            "--- PASS: TestEncodableStakingPrivKeyNil (0.00s)\n"
          ],
          "result": "pass",
          "elapsed": 0
        },
        {
          "test": "TestEncodableStakingPubKey",
          "package": "github.com/onflow/flow-go/model/encodable",
          "output": [
            "=== RUN   TestEncodableStakingPubKey\n",
            "--- PASS: TestEncodableStakingPubKey (0.00s)\n"
          ],
          "result": "pass",
          "elapsed": 0
        },
        {
          "test": "TestEncodableStakingPubKey",
          "package": "github.com/onflow/flow-go/model/encodable",
          "output": [
            "=== RUN   TestEncodableStakingPubKey\n",
            "--- PASS: TestEncodableStakingPubKey (0.00s)\n"
          ],
          "result": "pass",
          "elapsed": 0
        },
        {
          "test": "TestEncodableStakingPubKey",
          "package": "github.com/onflow/flow-go/model/encodable",
          "output": [
            "=== RUN   TestEncodableStakingPubKey\n",
            "--- PASS: TestEncodableStakingPubKey (0.00s)\n"
          ],
          "result": "pass",
          "elapsed": 0
        },
        {
          "test": "TestEncodableStakingPubKeyNil",
          "package": "github.com/onflow/flow-go/model/encodable",
          "output": [
            "=== RUN   TestEncodableStakingPubKeyNil\n",
            "--- PASS: TestEncodableStakingPubKeyNil (0.00s)\n"
          ],
          "result": "pass",
          "elapsed": 0
        },
        {
          "test": "TestEncodableStakingPubKeyNil",
          "package": "github.com/onflow/flow-go/model/encodable",
          "output": [
            "=== RUN   TestEncodableStakingPubKeyNil\n",
            "--- PASS: TestEncodableStakingPubKeyNil (0.00s)\n"
          ],
          "result": "pass",
          "elapsed": 0
        },
        {
          "test": "TestEncodableStakingPubKeyNil",
          "package": "github.com/onflow/flow-go/model/encodable",
          "output": [
            "=== RUN   TestEncodableStakingPubKeyNil\n",
            "--- PASS: TestEncodableStakingPubKeyNil (0.00s)\n"
          ],
          "result": "pass",
          "elapsed": 0
        },
        {
          "test": "TestIsHexString",
          "package": "github.com/onflow/flow-go/model/encodable",
          "output": [
            "=== RUN   TestIsHexString\n",
            "--- PASS: TestIsHexString (0.00s)\n"
          ],
          "result": "pass",
          "elapsed": 0
        },
        {
          "test": "TestIsHexString",
          "package": "github.com/onflow/flow-go/model/encodable",
          "output": [
            "=== RUN   TestIsHexString\n",
            "--- PASS: TestIsHexString (0.00s)\n"
          ],
          "result": "pass",
          "elapsed": 0
        },
        {
          "test": "TestIsHexString",
          "package": "github.com/onflow/flow-go/model/encodable",
          "output": [
            "=== RUN   TestIsHexString\n",
            "--- PASS: TestIsHexString (0.00s)\n"
          ],
          "result": "pass",
          "elapsed": 0
        },
        {
          "test": "TestEncodableRandomBeaconPrivKeyMsgPack",
          "package": "github.com/onflow/flow-go/model/encodable",
          "output": [
            "=== RUN   TestEncodableRandomBeaconPrivKeyMsgPack\n",
            "bytes: 194--- PASS: TestEncodableRandomBeaconPrivKeyMsgPack (0.00s)\n"
          ],
          "result": "",
          "elapsed": 0
        },
        {
          "test": "TestEncodableRandomBeaconPrivKeyMsgPack",
          "package": "github.com/onflow/flow-go/model/encodable",
          "output": [
            "=== RUN   TestEncodableRandomBeaconPrivKeyMsgPack\n",
            "bytes: 194--- PASS: TestEncodableRandomBeaconPrivKeyMsgPack (0.00s)\n"
          ],
          "result": "",
          "elapsed": 0
        },
        {
          "test": "TestEncodableRandomBeaconPrivKeyMsgPack",
          "package": "github.com/onflow/flow-go/model/encodable",
          "output": [
            "=== RUN   TestEncodableRandomBeaconPrivKeyMsgPack\n",
            "bytes: 194--- PASS: TestEncodableRandomBeaconPrivKeyMsgPack (0.00s)\n"
          ],
          "result": "",
          "elapsed": 0
        }
      ]
    }
  ]
}