# from https://github.com/onflow/flow-go/blob/fa60c8f96b4a22f0f252c4b82a5dc4bbf54128c1/integration/localnet/values.yml
branch: fake-branch
# Commit must be a string
commit: "123456"

defaults: {}
access:
  defaults:
    imagePullPolicy: Always
    containerPorts:
      - name: ptp
        containerPort: 3569
      - name: grpc
        containerPort: 9000
      - name: secure-grpc
        containerPort: 9001
      - name: admin
        containerPort: 9002
    env: []
    servicePorts:
      - name: ptp
        protocol: TCP
        port: 3569
        targetPort: ptp
      - name: grpc
        protocol: TCP
        port: 9000
        targetPort: grpc
      - name: secure-grpc
        protocol: TCP
        port: 9001
        targetPort: secure-grpc
      - name: admin
        protocol: TCP
        port: 9002
        targetPort: admin
    resources:
      requests:
        cpu: "200m"
        memory: "128Mi"
      limits:
        cpu: "800m"
        memory: "10Gi"
    storage: 1G
  nodes:
    access1:
      args:
        - --bootstrapdir=/bootstrap
        - --datadir=/data/protocol
        - --secretsdir=/data/secret
        - --bind=0.0.0.0:3569
        - --profiler-enabled=false
        - --profile-uploader-enabled=false
        - --tracer-enabled=false
        - --profiler-dir=/profiler
        - --profiler-interval=2m
        - --nodeid=9860ac3966c3b88043a882baf8e6ca8619ea5f95853753954b7ab49363efde21
        - --loglevel=INFO
        - --rpc-addr=0.0.0.0:9000
        - --secure-rpc-addr=0.0.0.0:9001
        - --http-addr=0.0.0.0:8000
        - --collection-ingress-port=9000
        - --supports-observer=true
        - --public-network-address=0.0.0.0:1234
        - --log-tx-time-to-finalized
        - --log-tx-time-to-executed
        - --log-tx-time-to-finalized-executed
      env:
        - name: OTEL_EXPORTER_OTLP_TRACES_ENDPOINT
          value: http://tempo:4317
        - name: OTEL_EXPORTER_OTLP_TRACES_INSECURE
          value: "true"
        - name: OTEL_RESOURCE_ATTRIBUTES
          value: network=benchnet2,role=access,num=access1-v0.27.6
      image: gcr.io/flow-container-registry/access:v0.27.6
      nodeId: 9860ac3966c3b88043a882baf8e6ca8619ea5f95853753954b7ab49363efde21
    access2:
      args:
        - --bootstrapdir=/bootstrap
        - --datadir=/data/protocol
        - --secretsdir=/data/secret
        - --bind=0.0.0.0:3569
        - --profiler-enabled=false
        - --profile-uploader-enabled=false
        - --tracer-enabled=false
        - --profiler-dir=/profiler
        - --profiler-interval=2m
        - --nodeid=7dd7ad2565841c803d898be0b7723e6ea8348eac44a4d8e4a0b7ebe0d9c8304b
        - --loglevel=INFO
        - --rpc-addr=0.0.0.0:9000
        - --secure-rpc-addr=0.0.0.0:9001
        - --http-addr=0.0.0.0:8000
        - --collection-ingress-port=9000
        - --supports-observer=true
        - --public-network-address=0.0.0.0:1234
        - --log-tx-time-to-finalized
        - --log-tx-time-to-executed
        - --log-tx-time-to-finalized-executed
      env:
        - name: OTEL_EXPORTER_OTLP_TRACES_ENDPOINT
          value: http://tempo:4317
        - name: OTEL_EXPORTER_OTLP_TRACES_INSECURE
          value: "true"
        - name: OTEL_RESOURCE_ATTRIBUTES
          value: network=benchnet2,role=access,num=access2-v0.27.6
      image: gcr.io/flow-container-registry/access:v0.27.6
      nodeId: 7dd7ad2565841c803d898be0b7723e6ea8348eac44a4d8e4a0b7ebe0d9c8304b
collection:
  defaults:
    imagePullPolicy: Always
    containerPorts:
      - name: ptp
        containerPort: 3569
      - name: grpc
        containerPort: 9000
      - name: secure-grpc
        containerPort: 9001
      - name: admin
        containerPort: 9002
    env: []
    servicePorts:
      - name: ptp
        protocol: TCP
        port: 3569
        targetPort: ptp
      - name: grpc
        protocol: TCP
        port: 9000
        targetPort: grpc
      - name: secure-grpc
        protocol: TCP
        port: 9001
        targetPort: secure-grpc
      - name: admin
        protocol: TCP
        port: 9002
        targetPort: admin
    resources:
      requests:
        cpu: "200m"
        memory: "128Mi"
      limits:
        cpu: "800m"
        memory: "10Gi"
    storage: 1G
  nodes:
    collection1:
      args:
        - --bootstrapdir=/bootstrap
        - --datadir=/data/protocol
        - --secretsdir=/data/secret
        - --bind=0.0.0.0:3569
        - --profiler-enabled=false
        - --profile-uploader-enabled=false
        - --tracer-enabled=false
        - --profiler-dir=/profiler
        - --profiler-interval=2m
        - --nodeid=416c65782048656e74736368656c00f2b77702c5b90981bc7ebca02d7e5ac9b3
        - --loglevel=INFO
        - --block-rate-delay=950ms
        - --hotstuff-timeout=2.15s
        - --hotstuff-min-timeout=2.15s
        - --ingress-addr=0.0.0.0:9000
        - --insecure-access-api=false
        - --access-node-ids=*
      env:
        - name: OTEL_EXPORTER_OTLP_TRACES_ENDPOINT
          value: http://tempo:4317
        - name: OTEL_EXPORTER_OTLP_TRACES_INSECURE
          value: "true"
        - name: OTEL_RESOURCE_ATTRIBUTES
          value: network=benchnet2,role=collection,num=collection1-v0.27.6
      image: gcr.io/flow-container-registry/collection:v0.27.6
      nodeId: 416c65782048656e74736368656c00f2b77702c5b90981bc7ebca02d7e5ac9b3
    collection2:
      args:
        - --bootstrapdir=/bootstrap
        - --datadir=/data/protocol
        - --secretsdir=/data/secret
        - --bind=0.0.0.0:3569
        - --profiler-enabled=false
        - --profile-uploader-enabled=false
        - --tracer-enabled=false
        - --profiler-dir=/profiler
        - --profiler-interval=2m
        - --nodeid=416e647265772042757269616e004acd8c101a5810f3ca90f68378b11bb69970
        - --loglevel=INFO
        - --block-rate-delay=950ms
        - --hotstuff-timeout=2.15s
        - --hotstuff-min-timeout=2.15s
        - --ingress-addr=0.0.0.0:9000
        - --insecure-access-api=false
        - --access-node-ids=*
      env:
        - name: OTEL_EXPORTER_OTLP_TRACES_ENDPOINT
          value: http://tempo:4317
        - name: OTEL_EXPORTER_OTLP_TRACES_INSECURE
          value: "true"
        - name: OTEL_RESOURCE_ATTRIBUTES
          value: network=benchnet2,role=collection,num=collection2-v0.27.6
      image: gcr.io/flow-container-registry/collection:v0.27.6
      nodeId: 416e647265772042757269616e004acd8c101a5810f3ca90f68378b11bb69970
    collection3:
      args:
        - --bootstrapdir=/bootstrap
        - --datadir=/data/protocol
        - --secretsdir=/data/secret
        - --bind=0.0.0.0:3569
        - --profiler-enabled=false
        - --profile-uploader-enabled=false
        - --tracer-enabled=false
        - --profiler-dir=/profiler
        - --profiler-interval=2m
        - --nodeid=4261737469616e204d756c6c65720045611a422bdb73ee6e747fa3ebf43282b6
        - --loglevel=INFO
        - --block-rate-delay=950ms
        - --hotstuff-timeout=2.15s
        - --hotstuff-min-timeout=2.15s
        - --ingress-addr=0.0.0.0:9000
        - --insecure-access-api=false
        - --access-node-ids=*
      env:
        - name: OTEL_EXPORTER_OTLP_TRACES_ENDPOINT
          value: http://tempo:4317
        - name: OTEL_EXPORTER_OTLP_TRACES_INSECURE
          value: "true"
        - name: OTEL_RESOURCE_ATTRIBUTES
          value: network=benchnet2,role=collection,num=collection3-v0.27.6
      image: gcr.io/flow-container-registry/collection:v0.27.6
      nodeId: 4261737469616e204d756c6c65720045611a422bdb73ee6e747fa3ebf43282b6
    collection4:
      args:
        - --bootstrapdir=/bootstrap
        - --datadir=/data/protocol
        - --secretsdir=/data/secret
        - --bind=0.0.0.0:3569
        - --profiler-enabled=false
        - --profile-uploader-enabled=false
        - --tracer-enabled=false
        - --profiler-dir=/profiler
        - --profiler-interval=2m
        - --nodeid=42656e6a616d696e2056616e204d6574657200336446ef55757e6e21f1f3883a
        - --loglevel=INFO
        - --block-rate-delay=950ms
        - --hotstuff-timeout=2.15s
        - --hotstuff-min-timeout=2.15s
        - --ingress-addr=0.0.0.0:9000
        - --insecure-access-api=false
        - --access-node-ids=*
      env:
        - name: OTEL_EXPORTER_OTLP_TRACES_ENDPOINT
          value: http://tempo:4317
        - name: OTEL_EXPORTER_OTLP_TRACES_INSECURE
          value: "true"
        - name: OTEL_RESOURCE_ATTRIBUTES
          value: network=benchnet2,role=collection,num=collection4-v0.27.6
      image: gcr.io/flow-container-registry/collection:v0.27.6
      nodeId: 42656e6a616d696e2056616e204d6574657200336446ef55757e6e21f1f3883a
    collection5:
      args:
        - --bootstrapdir=/bootstrap
        - --datadir=/data/protocol
        - --secretsdir=/data/secret
        - --bind=0.0.0.0:3569
        - --profiler-enabled=false
        - --profile-uploader-enabled=false
        - --tracer-enabled=false
        - --profiler-dir=/profiler
        - --profiler-interval=2m
        - --nodeid=436173657920417272696e67746f6e008fe686f6bbb502f3b4d0951838ab3add
        - --loglevel=INFO
        - --block-rate-delay=950ms
        - --hotstuff-timeout=2.15s
        - --hotstuff-min-timeout=2.15s
        - --ingress-addr=0.0.0.0:9000
        - --insecure-access-api=false
        - --access-node-ids=*
      env:
        - name: OTEL_EXPORTER_OTLP_TRACES_ENDPOINT
          value: http://tempo:4317
        - name: OTEL_EXPORTER_OTLP_TRACES_INSECURE
          value: "true"
        - name: OTEL_RESOURCE_ATTRIBUTES
          value: network=benchnet2,role=collection,num=collection5-v0.27.6
      image: gcr.io/flow-container-registry/collection:v0.27.6
      nodeId: 436173657920417272696e67746f6e008fe686f6bbb502f3b4d0951838ab3add
    collection6:
      args:
        - --bootstrapdir=/bootstrap
        - --datadir=/data/protocol
        - --secretsdir=/data/secret
        - --bind=0.0.0.0:3569
        - --profiler-enabled=false
        - --profile-uploader-enabled=false
        - --tracer-enabled=false
        - --profiler-dir=/profiler
        - --profiler-interval=2m
        - --nodeid=44696574657220536869726c65790027ed1827d18001945988737745a5c12a2d
        - --loglevel=INFO
        - --block-rate-delay=950ms
        - --hotstuff-timeout=2.15s
        - --hotstuff-min-timeout=2.15s
        - --ingress-addr=0.0.0.0:9000
        - --insecure-access-api=false
        - --access-node-ids=*
      env:
        - name: OTEL_EXPORTER_OTLP_TRACES_ENDPOINT
          value: http://tempo:4317
        - name: OTEL_EXPORTER_OTLP_TRACES_INSECURE
          value: "true"
        - name: OTEL_RESOURCE_ATTRIBUTES
          value: network=benchnet2,role=collection,num=collection6-v0.27.6
      image: gcr.io/flow-container-registry/collection:v0.27.6
      nodeId: 44696574657220536869726c65790027ed1827d18001945988737745a5c12a2d
consensus:
  defaults:
    imagePullPolicy: Always
    containerPorts:
      - name: ptp
        containerPort: 3569
      - name: grpc
        containerPort: 9000
      - name: secure-grpc
        containerPort: 9001
      - name: admin
        containerPort: 9002
    env: []
    servicePorts:
      - name: ptp
        protocol: TCP
        port: 3569
        targetPort: ptp
      - name: grpc
        protocol: TCP
        port: 9000
        targetPort: grpc
      - name: secure-grpc
        protocol: TCP
        port: 9001
        targetPort: secure-grpc
      - name: admin
        protocol: TCP
        port: 9002
        targetPort: admin
    resources:
      requests:
        cpu: "200m"
        memory: "128Mi"
      limits:
        cpu: "800m"
        memory: "10Gi"
    storage: 1G
  nodes:
    consensus1:
      args:
        - --bootstrapdir=/bootstrap
        - --datadir=/data/protocol
        - --secretsdir=/data/secret
        - --bind=0.0.0.0:3569
        - --profiler-enabled=false
        - --profile-uploader-enabled=false
        - --tracer-enabled=false
        - --profiler-dir=/profiler
        - --profiler-interval=2m
        - --nodeid=4a616d65732048756e74657200cc3d5bc0fa89f027ec7e7a1b064cc032f1941f
        - --loglevel=DEBUG
        - --block-rate-delay=800ms
        - --hotstuff-timeout=2s
        - --hotstuff-min-timeout=2s
        - --chunk-alpha=1
        - --emergency-sealing-active=false
        - --insecure-access-api=false
        - --access-node-ids=*
      env:
        - name: OTEL_EXPORTER_OTLP_TRACES_ENDPOINT
          value: http://tempo:4317
        - name: OTEL_EXPORTER_OTLP_TRACES_INSECURE
          value: "true"
        - name: OTEL_RESOURCE_ATTRIBUTES
          value: network=benchnet2,role=consensus,num=consensus1-v0.27.6
      image: gcr.io/flow-container-registry/consensus:v0.27.6
      nodeId: 4a616d65732048756e74657200cc3d5bc0fa89f027ec7e7a1b064cc032f1941f
    consensus2:
      args:
        - --bootstrapdir=/bootstrap
        - --datadir=/data/protocol
        - --secretsdir=/data/secret
        - --bind=0.0.0.0:3569
        - --profiler-enabled=false
        - --profile-uploader-enabled=false
        - --tracer-enabled=false
        - --profiler-dir=/profiler
        - --profiler-interval=2m
        - --nodeid=4a65666665727920446f796c6500a7a4692d8b56edd508238b5e8572beeba6b6
        - --loglevel=DEBUG
        - --block-rate-delay=800ms
        - --hotstuff-timeout=2s
        - --hotstuff-min-timeout=2s
        - --chunk-alpha=1
        - --emergency-sealing-active=false
        - --insecure-access-api=false
        - --access-node-ids=*
      env:
        - name: OTEL_EXPORTER_OTLP_TRACES_ENDPOINT
          value: http://tempo:4317
        - name: OTEL_EXPORTER_OTLP_TRACES_INSECURE
          value: "true"
        - name: OTEL_RESOURCE_ATTRIBUTES
          value: network=benchnet2,role=consensus,num=consensus2-v0.27.6
      image: gcr.io/flow-container-registry/consensus:v0.27.6
      nodeId: 4a65666665727920446f796c6500a7a4692d8b56edd508238b5e8572beeba6b6
    consensus3:
      args:
        - --bootstrapdir=/bootstrap
        - --datadir=/data/protocol
        - --secretsdir=/data/secret
        - --bind=0.0.0.0:3569
        - --profiler-enabled=false
        - --profile-uploader-enabled=false
        - --tracer-enabled=false
        - --profiler-dir=/profiler
        - --profiler-interval=2m
        - --nodeid=4a6f7264616e20536368616c6d0059676024fe879d8ffc5ae53adaf00dbd8630
        - --loglevel=DEBUG
        - --block-rate-delay=800ms
        - --hotstuff-timeout=2s
        - --hotstuff-min-timeout=2s
        - --chunk-alpha=1
        - --emergency-sealing-active=false
        - --insecure-access-api=false
        - --access-node-ids=*
      env:
        - name: OTEL_EXPORTER_OTLP_TRACES_ENDPOINT
          value: http://tempo:4317
        - name: OTEL_EXPORTER_OTLP_TRACES_INSECURE
          value: "true"
        - name: OTEL_RESOURCE_ATTRIBUTES
          value: network=benchnet2,role=consensus,num=consensus3-v0.27.6
      image: gcr.io/flow-container-registry/consensus:v0.27.6
      nodeId: 4a6f7264616e20536368616c6d0059676024fe879d8ffc5ae53adaf00dbd8630
execution:
  defaults:
    imagePullPolicy: Always
    containerPorts:
      - name: ptp
        containerPort: 3569
      - name: grpc
        containerPort: 9000
      - name: secure-grpc
        containerPort: 9001
      - name: admin
        containerPort: 9002
    env: []
    servicePorts:
      - name: ptp
        protocol: TCP
        port: 3569
        targetPort: ptp
      - name: grpc
        protocol: TCP
        port: 9000
        targetPort: grpc
      - name: secure-grpc
        protocol: TCP
        port: 9001
        targetPort: secure-grpc
      - name: admin
        protocol: TCP
        port: 9002
        targetPort: admin
    resources:
      requests:
        cpu: "200m"
        memory: "512Mi"
    storage: 10G
  nodes:
    execution1:
      args:
        - --bootstrapdir=/bootstrap
        - --datadir=/data/protocol
        - --secretsdir=/data/secret
        - --bind=0.0.0.0:3569
        - --profiler-enabled=false
        - --profile-uploader-enabled=false
        - --tracer-enabled=false
        - --profiler-dir=/profiler
        - --profiler-interval=2m
        - --nodeid=4a6f73682048616e6e616e00a963fb7050b300c024526eee06767b237ccf5349
        - --loglevel=INFO
        - --triedir=/trie
        - --rpc-addr=0.0.0.0:9000
        - --cadence-tracing=false
        - --extensive-tracing=false
      env:
        - name: OTEL_EXPORTER_OTLP_TRACES_ENDPOINT
          value: http://tempo:4317
        - name: OTEL_EXPORTER_OTLP_TRACES_INSECURE
          value: "true"
        - name: OTEL_RESOURCE_ATTRIBUTES
          value: network=benchnet2,role=execution,num=execution1-v0.27.6
      image: gcr.io/flow-container-registry/execution:v0.27.6
      nodeId: 4a6f73682048616e6e616e00a963fb7050b300c024526eee06767b237ccf5349
    execution2:
      args:
        - --bootstrapdir=/bootstrap
        - --datadir=/data/protocol
        - --secretsdir=/data/secret
        - --bind=0.0.0.0:3569
        - --profiler-enabled=false
        - --profile-uploader-enabled=false
        - --tracer-enabled=false
        - --profiler-dir=/profiler
        - --profiler-interval=2m
        - --nodeid=4b616e205a68616e670075d983e43cd61f1136cda8c8c48887b5654dcfb2db59
        - --loglevel=INFO
        - --triedir=/trie
        - --rpc-addr=0.0.0.0:9000
        - --cadence-tracing=false
        - --extensive-tracing=false
      env:
        - name: OTEL_EXPORTER_OTLP_TRACES_ENDPOINT
          value: http://tempo:4317
        - name: OTEL_EXPORTER_OTLP_TRACES_INSECURE
          value: "true"
        - name: OTEL_RESOURCE_ATTRIBUTES
          value: network=benchnet2,role=execution,num=execution2-v0.27.6
      image: gcr.io/flow-container-registry/execution:v0.27.6
      nodeId: 4b616e205a68616e670075d983e43cd61f1136cda8c8c48887b5654dcfb2db59
verification:
  defaults:
    imagePullPolicy: Always
    containerPorts:
      - name: ptp
        containerPort: 3569
      - name: grpc
        containerPort: 9000
      - name: secure-grpc
        containerPort: 9001
      - name: admin
        containerPort: 9002
    env: []
    servicePorts:
      - name: ptp
        protocol: TCP
        port: 3569
        targetPort: ptp
      - name: grpc
        protocol: TCP
        port: 9000
        targetPort: grpc
      - name: secure-grpc
        protocol: TCP
        port: 9001
        targetPort: secure-grpc
      - name: admin
        protocol: TCP
        port: 9002
        targetPort: admin
    resources:
      requests:
        cpu: "200m"
        memory: "512Mi"
      limits:
        cpu: "800m"
        memory: "10Gi"
    storage: 1G
  nodes:
    verification1:
      args:
        - --bootstrapdir=/bootstrap
        - --datadir=/data/protocol
        - --secretsdir=/data/secret
        - --bind=0.0.0.0:3569
        - --profiler-enabled=false
        - --profile-uploader-enabled=false
        - --tracer-enabled=false
        - --profiler-dir=/profiler
        - --profiler-interval=2m
        - --nodeid=4c61796e65204c616672616e636500d8948997c9da4f49de7c997ebcdd44d55e
        - --loglevel=INFO
        - --chunk-alpha=1
      env:
        - name: OTEL_EXPORTER_OTLP_TRACES_ENDPOINT
          value: http://tempo:4317
        - name: OTEL_EXPORTER_OTLP_TRACES_INSECURE
          value: "true"
        - name: OTEL_RESOURCE_ATTRIBUTES
          value: network=benchnet2,role=verification,num=verification1-v0.27.6
      image: gcr.io/flow-container-registry/verification:v0.27.6
      nodeId: 4c61796e65204c616672616e636500d8948997c9da4f49de7c997ebcdd44d55e
