{
  "commit_sha": "46baf6c6be29af9c040bc14195e195848598bbae",
  "commit_date": "2021-09-21T18:06:25+00:00",
  "job_run_date": "2021-09-21T21:06:25+00:00",
  "results": [
    {
      "package": "github.com/onflow/flow-go/crypto/hash",
      "result":"pass",
      "elapsed": 2.541,
      "output": [
        "PASS\n",
        "ok  \tgithub.com/onflow/flow-go/crypto/hash\t2.541s\n"
      ],
      "tests": [
        {
          "test": "TestSanitySha3_256",
          "package": "github.com/onflow/flow-go/crypto/hash",
          "output": [
            "=== RUN   TestSanitySha3_256\n",
            "--- PASS: TestSanitySha3_256 (0.00s)\n"
          ],
          "result": "pass",
          "elapsed": 0
        },
        {
          "test": "TestSanitySha3_256",
          "package": "github.com/onflow/flow-go/crypto/hash",
          "output": [
            "=== RUN   TestSanitySha3_256\n",
            "--- PASS: TestSanitySha3_256 (0.00s)\n"
          ],
          "result": "pass",
          "elapsed": 0
        },
        {
          "test": "TestSanitySha3_256",
          "package": "github.com/onflow/flow-go/crypto/hash",
          "output": [
            "=== RUN   TestSanitySha3_256\n",
            "--- PASS: TestSanitySha3_256 (0.00s)\n"
          ],
          "result": "pass",
          "elapsed": 0
        },
        {
          "test": "TestSanitySha3_256",
          "package": "github.com/onflow/flow-go/crypto/hash",
          "output": [
            "=== RUN   TestSanitySha3_256\n",
            "--- PASS: TestSanitySha3_256 (0.00s)\n"
          ],
          "result": "pass",
          "elapsed": 0
        },
        {
          "test": "TestSanitySha3_256",
          "package": "github.com/onflow/flow-go/crypto/hash",
          "output": [
            "=== RUN   TestSanitySha3_256\n",
            "--- PASS: TestSanitySha3_256 (0.00s)\n"
          ],
          "result": "pass",
          "elapsed": 0
        },
        {
          "test": "TestSanitySha3_256",
          "package": "github.com/onflow/flow-go/crypto/hash",
          "output": [
            "=== RUN   TestSanitySha3_256\n",
            "--- PASS: TestSanitySha3_256 (0.00s)\n"
          ],
          "result": "pass",
          "elapsed": 0
        },
        {
          "test": "TestSanitySha3_256",
          "package": "github.com/onflow/flow-go/crypto/hash",
          "output": [
            "=== RUN   TestSanitySha3_256\n",
            "--- PASS: TestSanitySha3_256 (0.00s)\n"
          ],
          "result": "pass",
          "elapsed": 0
        },
        {
          "test": "TestSanitySha3_256",
          "package": "github.com/onflow/flow-go/crypto/hash",
          "output": [
            "=== RUN   TestSanitySha3_256\n",
            "--- PASS: TestSanitySha3_256 (0.00s)\n"
          ],
          "result": "pass",
          "elapsed": 0
        },
        {
          "test": "TestSanitySha3_256",
          "package": "github.com/onflow/flow-go/crypto/hash",
          "output": [
            "=== RUN   TestSanitySha3_256\n",
            "--- PASS: TestSanitySha3_256 (0.00s)\n"
          ],
          "result": "pass",
          "elapsed": 0
        },
        {
          "test": "TestSanitySha3_256",
          "package": "github.com/onflow/flow-go/crypto/hash",
          "output": [
            "=== RUN   TestSanitySha3_256\n",
            "--- PASS: TestSanitySha3_256 (0.00s)\n"
          ],
          "result": "pass",
          "elapsed": 0
        },
        {
          "test": "TestSanitySha2_256",
          "package": "github.com/onflow/flow-go/crypto/hash",
          "output": [
            "=== RUN   TestSanitySha2_256\n",
            "--- PASS: TestSanitySha2_256 (0.00s)\n"
          ],
          "result": "pass",
          "elapsed": 0
        },
        {
          "test": "TestSanitySha2_256",
          "package": "github.com/onflow/flow-go/crypto/hash",
          "output": [
            "=== RUN   TestSanitySha2_256\n",
            "--- PASS: TestSanitySha2_256 (0.00s)\n"
          ],
          "result": "pass",
          "elapsed": 0
        },
        {
          "test": "TestSanitySha2_256",
          "package": "github.com/onflow/flow-go/crypto/hash",
          "output": [
            "=== RUN   TestSanitySha2_256\n",
            "--- PASS: TestSanitySha2_256 (0.00s)\n"
          ],
          "result": "pass",
          "elapsed": 0
        },
        {
          "test": "TestSanitySha2_256",
          "package": "github.com/onflow/flow-go/crypto/hash",
          "output": [
            "=== RUN   TestSanitySha2_256\n",
            "--- PASS: TestSanitySha2_256 (0.00s)\n"
          ],
          "result": "pass",
          "elapsed": 0
        },
        {
          "test": "TestSanitySha2_256",
          "package": "github.com/onflow/flow-go/crypto/hash",
          "output": [
            "=== RUN   TestSanitySha2_256\n",
            "--- PASS: TestSanitySha2_256 (0.00s)\n"
          ],
          "result": "pass",
          "elapsed": 0
        },
        {
          "test": "TestSanitySha2_256",
          "package": "github.com/onflow/flow-go/crypto/hash",
          "output": [
            "=== RUN   TestSanitySha2_256\n",
            "--- PASS: TestSanitySha2_256 (0.00s)\n"
          ],
          "result": "pass",
          "elapsed": 0
        },
        {
          "test": "TestSanitySha2_256",
          "package": "github.com/onflow/flow-go/crypto/hash",
          "output": [
            "=== RUN   TestSanitySha2_256\n",
            "--- PASS: TestSanitySha2_256 (0.00s)\n"
          ],
          "result": "pass",
          "elapsed": 0
        },
        {
          "test": "TestSanitySha2_256",
          "package": "github.com/onflow/flow-go/crypto/hash",
          "output": [
            "=== RUN   TestSanitySha2_256\n",
            "--- PASS: TestSanitySha2_256 (0.00s)\n"
          ],
          "result": "pass",
          "elapsed": 0
        },
        {
          "test": "TestSanitySha2_256",
          "package": "github.com/onflow/flow-go/crypto/hash",
          "output": [
            "=== RUN   TestSanitySha2_256\n",
            "--- PASS: TestSanitySha2_256 (0.00s)\n"
          ],
          "result": "pass",
          "elapsed": 0
        },
        {
          "test": "TestSanitySha2_256",
          "package": "github.com/onflow/flow-go/crypto/hash",
          "output": [
            "=== RUN   TestSanitySha2_256\n",
            "--- PASS: TestSanitySha2_256 (0.00s)\n"
          ],
          "result": "pass",
          "elapsed": 0
        },
        {
          "test": "TestSanitySha3_384",
          "package": "github.com/onflow/flow-go/crypto/hash",
          "output": [
            "=== RUN   TestSanitySha3_384\n",
            "--- PASS: TestSanitySha3_384 (0.00s)\n"
          ],
          "result": "pass",
          "elapsed": 0
        },
        {
          "test": "TestSanitySha3_384",
          "package": "github.com/onflow/flow-go/crypto/hash",
          "output": [
            "=== RUN   TestSanitySha3_384\n",
            "--- PASS: TestSanitySha3_384 (0.00s)\n"
          ],
          "result": "pass",
          "elapsed": 0
        },
        {
          "test": "TestSanitySha3_384",
          "package": "github.com/onflow/flow-go/crypto/hash",
          "output": [
            "=== RUN   TestSanitySha3_384\n",
            "--- PASS: TestSanitySha3_384 (0.00s)\n"
          ],
          "result": "pass",
          "elapsed": 0
        },
        {
          "test": "TestSanitySha3_384",
          "package": "github.com/onflow/flow-go/crypto/hash",
          "output": [
            "=== RUN   TestSanitySha3_384\n",
            "--- PASS: TestSanitySha3_384 (0.00s)\n"
          ],
          "result": "pass",
          "elapsed": 0
        },
        {
          "test": "TestSanitySha3_384",
          "package": "github.com/onflow/flow-go/crypto/hash",
          "output": [
            "=== RUN   TestSanitySha3_384\n",
            "--- PASS: TestSanitySha3_384 (0.00s)\n"
          ],
          "result": "pass",
          "elapsed": 0
        },
        {
          "test": "TestSanitySha3_384",
          "package": "github.com/onflow/flow-go/crypto/hash",
          "output": [
            "=== RUN   TestSanitySha3_384\n",
            "--- PASS: TestSanitySha3_384 (0.00s)\n"
          ],
          "result": "pass",
          "elapsed": 0
        },
        {
          "test": "TestSanitySha3_384",
          "package": "github.com/onflow/flow-go/crypto/hash",
          "output": [
            "=== RUN   TestSanitySha3_384\n",
            "--- PASS: TestSanitySha3_384 (0.00s)\n"
          ],
          "result": "pass",
          "elapsed": 0
        },
        {
          "test": "TestSanitySha3_384",
          "package": "github.com/onflow/flow-go/crypto/hash",
          "output": [
            "=== RUN   TestSanitySha3_384\n",
            "--- PASS: TestSanitySha3_384 (0.00s)\n"
          ],
          "result": "pass",
          "elapsed": 0
        },
        {
          "test": "TestSanitySha3_384",
          "package": "github.com/onflow/flow-go/crypto/hash",
          "output": [
            "=== RUN   TestSanitySha3_384\n",
            "--- PASS: TestSanitySha3_384 (0.00s)\n"
          ],
          "result": "pass",
          "elapsed": 0
        },
        {
          "test": "TestSanitySha3_384",
          "package": "github.com/onflow/flow-go/crypto/hash",
          "output": [
            "=== RUN   TestSanitySha3_384\n",
            "--- PASS: TestSanitySha3_384 (0.00s)\n"
          ],
          "result": "pass",
          "elapsed": 0
        },
        {
          "test":"TestSanitySha2_384",
          "package": "github.com/onflow/flow-go/crypto/hash",
          "output": [
            "=== RUN   TestSanitySha2_384\n",
            "--- PASS: TestSanitySha2_384 (0.00s)\n"
          ],
          "result": "pass",
          "elapsed": 0
        },
        {
          "test":"TestSanitySha2_384",
          "package": "github.com/onflow/flow-go/crypto/hash",
          "output": [
            "=== RUN   TestSanitySha2_384\n",
            "--- PASS: TestSanitySha2_384 (0.00s)\n"
          ],
          "result": "pass",
          "elapsed": 0
        },
        {
          "test":"TestSanitySha2_384",
          "package": "github.com/onflow/flow-go/crypto/hash",
          "output": [
            "=== RUN   TestSanitySha2_384\n",
            "--- PASS: TestSanitySha2_384 (0.00s)\n"
          ],
          "result": "pass",
          "elapsed": 0
        },
        {
          "test":"TestSanitySha2_384",
          "package": "github.com/onflow/flow-go/crypto/hash",
          "output": [
            "=== RUN   TestSanitySha2_384\n",
            "--- PASS: TestSanitySha2_384 (0.00s)\n"
          ],
          "result": "pass",
          "elapsed": 0
        },
        {
          "test":"TestSanitySha2_384",
          "package": "github.com/onflow/flow-go/crypto/hash",
          "output": [
            "=== RUN   TestSanitySha2_384\n",
            "--- PASS: TestSanitySha2_384 (0.00s)\n"
          ],
          "result": "pass",
          "elapsed": 0
        },
        {
          "test":"TestSanitySha2_384",
          "package": "github.com/onflow/flow-go/crypto/hash",
          "output": [
            "=== RUN   TestSanitySha2_384\n",
            "--- PASS: TestSanitySha2_384 (0.00s)\n"
          ],
          "result": "pass",
          "elapsed": 0
        },
        {
          "test":"TestSanitySha2_384",
          "package": "github.com/onflow/flow-go/crypto/hash",
          "output": [
            "=== RUN   TestSanitySha2_384\n",
            "--- PASS: TestSanitySha2_384 (0.00s)\n"
          ],
          "result": "pass",
          "elapsed": 0
        },
        {
          "test":"TestSanitySha2_384",
          "package": "github.com/onflow/flow-go/crypto/hash",
          "output": [
            "=== RUN   TestSanitySha2_384\n",
            "--- PASS: TestSanitySha2_384 (0.00s)\n"
          ],
          "result": "pass",
          "elapsed": 0
        },
        {
          "test":"TestSanitySha2_384",
          "package": "github.com/onflow/flow-go/crypto/hash",
          "output": [
            "=== RUN   TestSanitySha2_384\n",
            "--- PASS: TestSanitySha2_384 (0.00s)\n"
          ],
          "result": "pass",
          "elapsed": 0
        },
        {
          "test":"TestSanitySha2_384",
          "package": "github.com/onflow/flow-go/crypto/hash",
          "output": [
            "=== RUN   TestSanitySha2_384\n",
            "--- PASS: TestSanitySha2_384 (0.00s)\n"
          ],
          "result": "pass",
          "elapsed": 0
        },
        {
          "test":"TestSanityKmac128",
          "package": "github.com/onflow/flow-go/crypto/hash",
          "output": [
            "=== RUN   TestSanityKmac128\n",
            "--- PASS: TestSanityKmac128 (0.00s)\n"
          ],
          "result": "pass",
          "elapsed": 0
        },
        {
          "test":"TestSanityKmac128",
          "package": "github.com/onflow/flow-go/crypto/hash",
          "output": [
            "=== RUN   TestSanityKmac128\n",
            "--- PASS: TestSanityKmac128 (0.00s)\n"
          ],
          "result": "pass",
          "elapsed": 0
        },
        {
          "test":"TestSanityKmac128",
          "package": "github.com/onflow/flow-go/crypto/hash",
          "output": [
            "=== RUN   TestSanityKmac128\n",
            "--- PASS: TestSanityKmac128 (0.00s)\n"
          ],
          "result": "pass",
          "elapsed": 0
        },
        {
          "test":"TestSanityKmac128",
          "package": "github.com/onflow/flow-go/crypto/hash",
          "output": [
            "=== RUN   TestSanityKmac128\n",
            "--- PASS: TestSanityKmac128 (0.00s)\n"
          ],
          "result": "pass",
          "elapsed": 0
        },
        {
          "test":"TestSanityKmac128",
          "package": "github.com/onflow/flow-go/crypto/hash",
          "output": [
            "=== RUN   TestSanityKmac128\n",
            "--- PASS: TestSanityKmac128 (0.00s)\n"
          ],
          "result": "pass",
          "elapsed": 0
        },
        {
          "test":"TestSanityKmac128",
          "package": "github.com/onflow/flow-go/crypto/hash",
          "output": [
            "=== RUN   TestSanityKmac128\n",
            "--- PASS: TestSanityKmac128 (0.00s)\n"
          ],
          "result": "pass",
          "elapsed": 0
        },
        {
          "test":"TestSanityKmac128",
          "package": "github.com/onflow/flow-go/crypto/hash",
          "output": [
            "=== RUN   TestSanityKmac128\n",
            "--- PASS: TestSanityKmac128 (0.00s)\n"
          ],
          "result": "pass",
          "elapsed": 0
        },
        {
          "test":"TestSanityKmac128",
          "package": "github.com/onflow/flow-go/crypto/hash",
          "output": [
            "=== RUN   TestSanityKmac128\n",
            "--- PASS: TestSanityKmac128 (0.00s)\n"
          ],
          "result": "pass",
          "elapsed": 0
        },
        {
          "test":"TestSanityKmac128",
          "package": "github.com/onflow/flow-go/crypto/hash",
          "output": [
            "=== RUN   TestSanityKmac128\n",
            "--- PASS: TestSanityKmac128 (0.00s)\n"
          ],
          "result": "pass",
          "elapsed": 0
        },
        {
          "test":"TestSanityKmac128",
          "package": "github.com/onflow/flow-go/crypto/hash",
          "output": [
            "=== RUN   TestSanityKmac128\n",
            "--- PASS: TestSanityKmac128 (0.00s)\n"
          ],
          "result": "pass",
          "elapsed": 0
        },
        {
          "test":"TestHashersAPI",
          "package": "github.com/onflow/flow-go/crypto/hash",
          "output": [
            "=== RUN   TestHashersAPI\n",
            "    hash_test.go:114: math rand seed is 1632739553140451000\n",
            "--- PASS: TestHashersAPI (0.00s)\n"
          ],
          "result": "pass",
          "elapsed": 0
        },
        {
          "test":"TestHashersAPI",
          "package": "github.com/onflow/flow-go/crypto/hash",
          "output": [
            "=== RUN   TestHashersAPI\n",
            "    hash_test.go:114: math rand seed is 1632739554280043000\n",
            "--- PASS: TestHashersAPI (0.00s)\n"
          ],
          "result": "pass",
          "elapsed": 0
        },
        {
          "test":"TestHashersAPI",
          "package": "github.com/onflow/flow-go/crypto/hash",
          "output": [
            "=== RUN   TestHashersAPI\n",
            "    hash_test.go:114: math rand seed is 1632739554500707000\n",
            "--- PASS: TestHashersAPI (0.00s)\n"
          ],
          "result": "pass",
          "elapsed": 0
        },
        {
          "test":"TestHashersAPI",
          "package": "github.com/onflow/flow-go/crypto/hash",
          "output": [
            "=== RUN   TestHashersAPI\n",
            "    hash_test.go:114: math rand seed is 1632739552696815000\n",
            "--- PASS: TestHashersAPI (0.00s)\n"
          ],
          "result": "pass",
          "elapsed": 0
        },
        {
          "test":"TestHashersAPI",
          "package": "github.com/onflow/flow-go/crypto/hash",
          "output": [
            "=== RUN   TestHashersAPI\n",
            "    hash_test.go:114: math rand seed is 1632739552917474000\n",
            "--- PASS: TestHashersAPI (0.00s)\n"
          ],
          "result": "pass",
          "elapsed": 0
        },
        {
          "test":"TestHashersAPI",
          "package": "github.com/onflow/flow-go/crypto/hash",
          "output": [
            "=== RUN   TestHashersAPI\n",
            "    hash_test.go:114: math rand seed is 1632739554054239000\n",
            "--- PASS: TestHashersAPI (0.00s)\n"
          ],
          "result": "pass",
          "elapsed": 0
        },
        {
          "test":"TestHashersAPI",
          "package": "github.com/onflow/flow-go/crypto/hash",
          "output": [
            "=== RUN   TestHashersAPI\n",
            "    hash_test.go:114: math rand seed is 1632739552470379000\n",
            "--- PASS: TestHashersAPI (0.00s)\n"
          ],
          "result": "pass",
          "elapsed": 0
        },
        {
          "test":"TestHashersAPI",
          "package": "github.com/onflow/flow-go/crypto/hash",
          "output": [
            "=== RUN   TestHashersAPI\n",
            "    hash_test.go:114: math rand seed is 1632739553362249000\n",
            "--- PASS: TestHashersAPI (0.00s)\n"
          ],
          "result": "pass",
          "elapsed": 0
        },
        {
          "test":"TestHashersAPI",
          "package": "github.com/onflow/flow-go/crypto/hash",
          "output": [
            "=== RUN   TestHashersAPI\n",
            "    hash_test.go:114: math rand seed is 1632739553605325000\n",
            "--- PASS: TestHashersAPI (0.00s)\n"
          ],
          "result": "pass",
          "elapsed": 0
        },
        {
          "test":"TestHashersAPI",
          "package": "github.com/onflow/flow-go/crypto/hash",
          "output": [
            "=== RUN   TestHashersAPI\n",
            "    hash_test.go:114: math rand seed is 1632739553826502000\n",
            "--- PASS: TestHashersAPI (0.00s)\n"
          ],
          "result": "pass",
          "elapsed": 0
        },
        {
          "test":"TestSha3",
          "package": "github.com/onflow/flow-go/crypto/hash",
          "output": [
            "=== RUN   TestSha3\n",
            "    hash_test.go:158: math rand seed is 1632739554054464000\n",
            "--- PASS: TestSha3 (0.23s)\n"
          ],
          "result": "pass",
          "elapsed": 0.23
        },
        {
          "test":"TestSha3",
          "package": "github.com/onflow/flow-go/crypto/hash",
          "output": [
            "=== RUN   TestSha3\n",
            "    hash_test.go:158: math rand seed is 1632739552697024000\n",
            "--- PASS: TestSha3 (0.22s)\n"
          ],
          "result": "pass",
          "elapsed": 0.22
        },
        {
          "test":"TestSha3",
          "package": "github.com/onflow/flow-go/crypto/hash",
          "output": [
            "=== RUN   TestSha3\n",
            "    hash_test.go:158: math rand seed is 1632739552917708000\n",
            "--- PASS: TestSha3 (0.22s)\n"
          ],
          "result": "pass",
          "elapsed": 0.22
        },
        {
          "test":"TestSha3",
          "package": "github.com/onflow/flow-go/crypto/hash",
          "output": [
            "=== RUN   TestSha3\n",
            "    hash_test.go:158: math rand seed is 1632739553140702000\n",
            "--- PASS: TestSha3 (0.22s)\n"
          ],
          "result": "pass",
          "elapsed": 0.22
        },
        {
          "test":"TestSha3",
          "package": "github.com/onflow/flow-go/crypto/hash",
          "output": [
            "=== RUN   TestSha3\n",
            "    hash_test.go:158: math rand seed is 1632739553362497000\n",
            "--- PASS: TestSha3 (0.24s)\n"
          ],
          "result": "pass",
          "elapsed": 0.24
        },
        {
          "test":"TestSha3",
          "package": "github.com/onflow/flow-go/crypto/hash",
          "output": [
            "=== RUN   TestSha3\n",
            "    hash_test.go:158: math rand seed is 1632739553605582000\n",
            "--- PASS: TestSha3 (0.22s)\n"
          ],
          "result": "pass",
          "elapsed": 0.22
        },
        {
          "test":"TestSha3",
          "package": "github.com/onflow/flow-go/crypto/hash",
          "output": [
            "=== RUN   TestSha3\n",
            "    hash_test.go:158: math rand seed is 1632739553826733000\n",
            "--- PASS: TestSha3 (0.23s)\n"
          ],
          "result": "pass",
          "elapsed": 0.23
        },
        {
          "test":"TestSha3",
          "package": "github.com/onflow/flow-go/crypto/hash",
          "output": [
            "=== RUN   TestSha3\n",
            "    hash_test.go:158: math rand seed is 1632739554500935000\n",
            "--- PASS: TestSha3 (0.22s)\n"
          ],
          "result": "pass",
          "elapsed": 0.22
        },
        {
          "test":"TestSha3",
          "package": "github.com/onflow/flow-go/crypto/hash",
          "output": [
            "=== RUN   TestSha3\n",
            "    hash_test.go:158: math rand seed is 1632739554280256000\n",
            "--- PASS: TestSha3 (0.22s)\n"
          ],
          "result": "pass",
          "elapsed": 0.22
        },
        {
          "test":"TestSha3",
          "package": "github.com/onflow/flow-go/crypto/hash",
          "output": [
            "=== RUN   TestSha3\n",
            "    hash_test.go:158: math rand seed is 1632739552470723000\n",
            "--- PASS: TestSha3 (0.23s)\n"
          ],
          "result": "pass",
          "elapsed": 0.23
        },
        {
          "test": "TestSha3/SHA3_256",
          "package": "github.com/onflow/flow-go/crypto/hash",
          "output": [
            "=== RUN   TestSha3/SHA3_256\n",
            "    --- PASS: TestSha3/SHA3_256 (0.10s)\n"
          ],
          "result": "pass",
          "elapsed": 0.1
        },
        {
          "test": "TestSha3/SHA3_256",
          "package": "github.com/onflow/flow-go/crypto/hash",
          "output": [
            "=== RUN   TestSha3/SHA3_256\n",
            "    --- PASS: TestSha3/SHA3_256 (0.10s)\n"
          ],
          "result": "pass",
          "elapsed": 0.1
        },
        {
          "test": "TestSha3/SHA3_256",
          "package": "github.com/onflow/flow-go/crypto/hash",
          "output": [
            "=== RUN   TestSha3/SHA3_256\n",
            "    --- PASS: TestSha3/SHA3_256 (0.10s)\n"
          ],
          "result": "pass",
          "elapsed": 0.1
        },
        {
          "test": "TestSha3/SHA3_256",
          "package": "github.com/onflow/flow-go/crypto/hash",
          "output": [
            "=== RUN   TestSha3/SHA3_256\n",
            "    --- PASS: TestSha3/SHA3_256 (0.10s)\n"
          ],
          "result": "pass",
          "elapsed": 0.1
        },
        {
          "test": "TestSha3/SHA3_256",
          "package": "github.com/onflow/flow-go/crypto/hash",
          "output": [
            "=== RUN   TestSha3/SHA3_256\n",
            "    --- PASS: TestSha3/SHA3_256 (0.12s)\n"
          ],
          "result": "pass",
          "elapsed": 0.12
        },
        {
          "test": "TestSha3/SHA3_256",
          "package": "github.com/onflow/flow-go/crypto/hash",
          "output": [
            "=== RUN   TestSha3/SHA3_256\n",
            "    --- PASS: TestSha3/SHA3_256 (0.10s)\n"
          ],
          "result": "pass",
          "elapsed": 0.1
        },
        {
          "test": "TestSha3/SHA3_256",
          "package": "github.com/onflow/flow-go/crypto/hash",
          "output": [
            "=== RUN   TestSha3/SHA3_256\n",
            "    --- PASS: TestSha3/SHA3_256 (0.10s)\n"
          ],
          "result": "pass",
          "elapsed": 0.1
        },
        {
          "test": "TestSha3/SHA3_256",
          "package": "github.com/onflow/flow-go/crypto/hash",
          "output": [
            "=== RUN   TestSha3/SHA3_256\n",
            "    --- PASS: TestSha3/SHA3_256 (0.10s)\n"
          ],
          "result": "pass",
          "elapsed": 0.1
        },
        {
          "test": "TestSha3/SHA3_256",
          "package": "github.com/onflow/flow-go/crypto/hash",
          "output": [
            "=== RUN   TestSha3/SHA3_256\n",
            "    --- PASS: TestSha3/SHA3_256 (0.10s)\n"
          ],
          "result": "pass",
          "elapsed": 0.1
        },
        {
          "test": "TestSha3/SHA3_256",
          "package": "github.com/onflow/flow-go/crypto/hash",
          "output": [
            "=== RUN   TestSha3/SHA3_256\n",
            "    --- PASS: TestSha3/SHA3_256 (0.10s)\n"
          ],
          "result": "pass",
          "elapsed": 0.1
        },
        {
          "test": "TestSha3/SHA3_384",
          "package": "github.com/onflow/flow-go/crypto/hash",
          "output": [
            "=== RUN   TestSha3/SHA3_384\n",
            "    --- PASS: TestSha3/SHA3_384 (0.12s)\n"
          ],
          "result": "pass",
          "elapsed": 0.12
        },
        {
          "test": "TestSha3/SHA3_384",
          "package": "github.com/onflow/flow-go/crypto/hash",
          "output": [
            "=== RUN   TestSha3/SHA3_384\n",
            "    --- PASS: TestSha3/SHA3_384 (0.12s)\n"
          ],
          "result": "pass",
          "elapsed": 0.12
        },
        {
          "test": "TestSha3/SHA3_384",
          "package": "github.com/onflow/flow-go/crypto/hash",
          "output": [
            "=== RUN   TestSha3/SHA3_384\n",
            "    --- PASS: TestSha3/SHA3_384 (0.12s)\n"
          ],
          "result": "pass",
          "elapsed": 0.12
        },
        {
          "test": "TestSha3/SHA3_384",
          "package": "github.com/onflow/flow-go/crypto/hash",
          "output": [
            "=== RUN   TestSha3/SHA3_384\n",
            "    --- PASS: TestSha3/SHA3_384 (0.12s)\n"
          ],
          "result": "pass",
          "elapsed": 0.12
        },
        {
          "test": "TestSha3/SHA3_384",
          "package": "github.com/onflow/flow-go/crypto/hash",
          "output": [
            "=== RUN   TestSha3/SHA3_384\n",
            "    --- PASS: TestSha3/SHA3_384 (0.12s)\n"
          ],
          "result": "pass",
          "elapsed": 0.12
        },
        {
          "test": "TestSha3/SHA3_384",
          "package": "github.com/onflow/flow-go/crypto/hash",
          "output": [
            "=== RUN   TestSha3/SHA3_384\n",
            "    --- PASS: TestSha3/SHA3_384 (0.12s)\n"
          ],
          "result": "pass",
          "elapsed": 0.12
        },
        {
          "test": "TestSha3/SHA3_384",
          "package": "github.com/onflow/flow-go/crypto/hash",
          "output": [
            "=== RUN   TestSha3/SHA3_384\n",
            "    --- PASS: TestSha3/SHA3_384 (0.13s)\n"
          ],
          "result": "pass",
          "elapsed": 0.13
        },
        {
          "test": "TestSha3/SHA3_384",
          "package": "github.com/onflow/flow-go/crypto/hash",
          "output": [
            "=== RUN   TestSha3/SHA3_384\n",
            "    --- PASS: TestSha3/SHA3_384 (0.12s)\n"
          ],
          "result": "pass",
          "elapsed": 0.12
        },
        {
          "test": "TestSha3/SHA3_384",
          "package": "github.com/onflow/flow-go/crypto/hash",
          "output": [
            "=== RUN   TestSha3/SHA3_384\n",
            "    --- PASS: TestSha3/SHA3_384 (0.12s)\n"
          ],
          "result": "pass",
          "elapsed": 0.12
        },
        {
          "test": "TestSha3/SHA3_384",
          "package": "github.com/onflow/flow-go/crypto/hash",
          "output": [
            "=== RUN   TestSha3/SHA3_384\n",
            "    --- PASS: TestSha3/SHA3_384 (0.12s)\n"
          ],
          "result": "pass",
          "elapsed": 0.12
        }
      ]
    }
  ]
}