{
  "commit_sha": "46baf6c6be29af9c040bc14195e195848598bbae",
  "commit_date": "2021-09-22T01:06:25Z",
  "job_run_date": "2021-09-22T04:06:25Z",
  "results": [
    {
      "package": "github.com/onflow/flow-go/crypto/hash",
      "result": "fail",
      "elapsed": 0.483,
      "output": [
        "FAIL\n",
        "FAIL\tgithub.com/onflow/flow-go/crypto/hash\t0.483s\n"
      ],
      "tests": [
        {
          "test": "TestSanitySha3_256",
          "package": "github.com/onflow/flow-go/crypto/hash",
          "output": [
            "=== RUN   TestSanitySha3_256\n",
            "    hash_test.go:21: \n",
            "        \tError Trace:\thash_test.go:21\n",
            "        \tError:      \tNot equal: \n",
            "        \t            \texpected: hash.Hash{0x36, 0xf0, 0x28, 0x58, 0xb, 0xb0, 0x2c, 0xc8, 0x27, 0x2a, 0x9a, 0x2, 0xf, 0x42, 0x0, 0xe3, 0x46, 0xe2, 0x76, 0xae, 0x66, 0x4e, 0x45, 0xee, 0x80, 0x74, 0x55, 0x74, 0xe2, 0xf5, 0xab, 0x81}\n",
            "        \t            \tactual  : hash.Hash{0x36, 0xf0, 0x28, 0x58, 0xb, 0xb0, 0x2c, 0xc8, 0x27, 0x2a, 0x9a, 0x2, 0xf, 0x42, 0x0, 0xe3, 0x46, 0xe2, 0x76, 0xae, 0x66, 0x4e, 0x45, 0xee, 0x80, 0x74, 0x55, 0x74, 0xe2, 0xf5, 0xab, 0x80}\n",
            "        \t            \t\n",
            "        \t            \tDiff:\n",
            "        \t            \t--- Expected\n",
            "        \t            \t+++ Actual\n",
            "        \t            \t@@ -1,2 +1,2 @@\n",
            "        \t            \t-(hash.Hash) (len=32) 0x36f028580bb02cc8272a9a020f4200e346e276ae664e45ee80745574e2f5ab81\n",
            "        \t            \t+(hash.Hash) (len=32) 0x36f028580bb02cc8272a9a020f4200e346e276ae664e45ee80745574e2f5ab80\n",
            "        \t            \t \n",
            "        \tTest:       \tTestSanitySha3_256\n",
            "--- FAIL: TestSanitySha3_256 (0.00s)\n"
          ],
          "result": "fail",
          "elapsed": 0
        },
        {
          "test": "TestSanitySha3_384",
          "package": "github.com/onflow/flow-go/crypto/hash",
          "output": [
            "=== RUN   TestSanitySha3_384\n",
            "--- PASS: TestSanitySha3_384 (0.00s)\n"
          ],
          "result": "pass",
          "elapsed": 0
        },
        {
          "test": "TestSanitySha2_256",
          "package": "github.com/onflow/flow-go/crypto/hash",
          "output": [
            "=== RUN   TestSanitySha2_256\n",
            "--- PASS: TestSanitySha2_256 (0.00s)\n"
          ],
          "result": "pass",
          "elapsed": 0
        },
        {
          "test": "TestSanitySha2_384",
          "package": "github.com/onflow/flow-go/crypto/hash",
          "output": [
            "=== RUN   TestSanitySha2_384\n",
            "--- PASS: TestSanitySha2_384 (0.00s)\n"
          ],
          "result": "pass",
          "elapsed": 0
        },
        {
          "test": "TestSanityKmac128",
          "package": "github.com/onflow/flow-go/crypto/hash",
          "output": [
            "=== RUN   TestSanityKmac128\n",
            "--- PASS: TestSanityKmac128 (0.00s)\n"
          ],
          "result": "pass",
          "elapsed": 0
        },
        {
          "test": "TestHashersAPI",
          "package": "github.com/onflow/flow-go/crypto/hash",
          "output": [
            "=== RUN   TestHashersAPI\n",
            "    hash_test.go:114: math rand seed is 1632498687765218000\n",
            "--- PASS: TestHashersAPI (0.00s)\n"
          ],
          "result": "pass",
          "elapsed": 0
        },
        {
          "test": "TestSha3",
          "package": "github.com/onflow/flow-go/crypto/hash",
          "output": [
            "=== RUN   TestSha3\n",
            "    hash_test.go:158: math rand seed is 1632498687765661000\n",
            "--- PASS: TestSha3 (0.23s)\n"
          ],
          "result": "pass",
          "elapsed": 0.23
        },
        {
          "test": "TestSha3/SHA3_256",
          "package": "github.com/onflow/flow-go/crypto/hash",
          "output": [
            "=== RUN   TestSha3/SHA3_256\n",
            "    --- PASS: TestSha3/SHA3_256 (0.11s)\n"
          ],
          "result": "pass",
          "elapsed": 0.11
        },
        {
          "test": "TestSha3/SHA3_384",
          "package": "github.com/onflow/flow-go/crypto/hash",
          "output": [
            "=== RUN   TestSha3/SHA3_384\n",
            "    --- PASS: TestSha3/SHA3_384 (0.12s)\n"
          ],
          "result": "pass",
          "elapsed": 0.12
        }
      ]
    }
  ]
}