{
  "commit_sha": "46baf6c6be29af9c040bc14195e195848598bbae",
  "commit_date": "2021-09-21T18:06:25+00:00",
  "job_run_date": "2021-09-21T21:06:25+00:00",
  "results": null
}